// Jest Snapshot v1, https://goo.gl/fbAQLP

exports[`exportToSvg with default arguments 1`] = `
Object {
  "collaborators": Map {},
  "currentChartType": "bar",
  "currentItemBackgroundColor": "transparent",
  "currentItemEndArrowhead": "arrow",
  "currentItemFillStyle": "hachure",
  "currentItemFontFamily": 1,
  "currentItemFontSize": 20,
  "currentItemLinearStrokeSharpness": "round",
  "currentItemOpacity": 100,
  "currentItemRoughness": 1,
  "currentItemStartArrowhead": null,
  "currentItemStrokeColor": "#000000",
  "currentItemStrokeSharpness": "sharp",
  "currentItemStrokeStyle": "solid",
  "currentItemStrokeWidth": 1,
  "currentItemTextAlign": "left",
  "cursorButton": "up",
  "draggingElement": null,
  "editingElement": null,
  "editingGroupId": null,
  "editingLinearElement": null,
  "elementLocked": false,
  "elementType": "selection",
  "errorMessage": null,
  "exportBackground": true,
  "exportEmbedScene": false,
  "exportPadding": undefined,
  "exportScale": 1,
  "exportWithDarkMode": false,
  "fileHandle": null,
  "gridSize": null,
  "isBindingEnabled": true,
  "isLibraryOpen": false,
  "isLoading": false,
  "isResizing": false,
  "isRotating": false,
  "lastPointerDownWith": "mouse",
  "metadata": "",
  "multiElement": null,
  "name": "name",
  "openMenu": null,
  "openPopup": null,
  "pasteDialog": Object {
    "data": null,
    "shown": false,
  },
  "previousSelectedElementIds": Object {},
  "resizingElement": null,
  "scrollX": 0,
  "scrollY": 0,
  "scrolledOutside": false,
  "selectedElementIds": Object {},
  "selectedGroupIds": Object {},
  "selectionElement": null,
  "shouldCacheIgnoreZoom": false,
  "showHelpDialog": false,
  "showStats": false,
  "startBoundElement": null,
  "suggestedBindings": Array [],
  "theme": "light",
  "toastMessage": null,
  "viewBackgroundColor": "#ffffff",
  "viewModeEnabled": false,
  "zenModeEnabled": false,
  "zoom": Object {
    "translation": Object {
      "x": 0,
      "y": 0,
    },
    "value": 1,
  },
}
`;

exports[`exportToSvg with exportEmbedScene 1`] = `"<!-- payload-type:application/vnd.excalidraw+json --><!-- payload-version:2 --><!-- payload-start -->eyJ2ZXJzaW9uIjoiMSIsImVuY29kaW5nIjoiYnN0cmluZyIsImNvbXByZXNzZWQiOnRydWUsImVuY29kZWQiOiJ4nO1Sy27CMFx1MDAxMLz3K1wi94pEklx1MDAwNkK50VJVlar2wFx1MDAwMalVXHUwMDBmJt4kXHUwMDE2xlx1MDAwZbZ5XHUwMDE18e+1XHUwMDFkXHUwMDFh01xiqT9cdTAwMTBcdTAwMWYs7czujnc9x5sgQPpQXHUwMDAxXHUwMDFhXHUwMDA3XGL2XHUwMDE5ZpRIvEM9i29BKiq4oWJcdTAwMTcrsZGZyyy1rsb9Plx1MDAxM6agXHUwMDE0Stf5wGBcdTAwMDVcXCuT8WniIDi6+0KBULxcdTAwMTKcuHRHeIkoXHUwMDBl2+ib4E4uikajMEzidNhkUDU1alx1MDAxYYihc8xcdTAwMTR4xkJoO5fr90m+pJzE62yVvk4nz1x1MDAxZl42p4zN9IHVw+Cs3EjwrNJSLGFOiS6telx1MDAwYm/qlDDL8lVSbIqSg1J/akSFM6pcdTAwMGZcdTAwMTZcdTAwMGL9gJhcdTAwMTeuh0f2JkqipIltRXyXtrRcdTAwMWZcdTAwMDVcdTAwMTPSat+G7nj1XHUwMDA1zpaFeVx1MDAwMic+J1x1MDAxYWC8yH3O7jxRfKFTXHUwMDAyLUrdXHUwMDAyXHUwMDE1uMVGYVx1MDAxMlxyXHUwMDA36X04alx1MDAxOCtRvVx1MDAxMPfFX+3FlFhW51x1MDAwNSBlg4vn2Zc91f74LXfcqXfdKcBcdTAwMTitXHUwMDE0dE7pnPKPUyRkut5S55XOK2evmNs1QriqZlx1MDAxYWu7lto5RoySXHUwMDE5/bZcYt8wVjdDW1xuu4cr0+buoFx1MDAxYtvz9Fx1MDAwM/n+1MkifQ==<!-- payload-end -->"`;
